SQL> --Task1.1
SQL> ALTER TABLE Department
	ADD CONSTRAINT dep_fkmanager FOREIGN KEY(Manager#) REFERENCES Employee(E#);

Table DEPARTMENT altered.

SQL> ALTER TABLE Employee
  DISABLE CONSTRAINT Employee_FK1;

Table EMPLOYEE altered.

SQL> INSERT INTO Employee VALUES ('00271', 'Garret', TO_DATE('10/04/1980', 'DD/MM/YYYY'), '13 Hindmarsh Ave, North Wollongong, NSW 2500', 'M', 125.2, '00100', NULL);

1 row inserted.

SQL> INSERT INTO Department VALUES (6, 'Research Centre', '00271', TO_DATE('01/06/2012', 'DD/MM/YYYY'));

1 row inserted.

SQL> INSERT INTO DeptLocation VALUES (6, '3 Renovation campus, North Wollongong, NSW 2500');

1 row inserted.

SQL> UPDATE Employee
	SET D# = 6
	WHERE E# = 00271;

1 row updated.

SQL> ALTER TABLE Employee
  ENABLE CONSTRAINT Employee_FK1;

Table EMPLOYEE altered.

SQL> --Task1.2
SQL> ALTER TABLE WorksOn
	ADD CONSTRAINT chk_hours CHECK (Hours <= 30);

Table WORKSON altered.

SQL> --Task1.3
SQL> ALTER TABLE Project
MODIFY(
	PTitle VARCHAR2(50)
);

Table PROJECT altered.

SQL> --Task1.4
SQL> ALTER TABLE Department
	ADD total_staff_number INT;

Table DEPARTMENT altered.

SQL> UPDATE Department
SET total_staff_number = (select count(*) FROM Employee WHERE Employee.D# = Department.D#);

6 rows updated.

SQL> --Task1.5
SQL> UPDATE DeptLocation
	SET DeptLocation.D# = 3
	WHERE DeptLocation.D# = 5;

2 rows updated.

SQL> UPDATE Employee
	SET Employee.D# = 3
	WHERE Employee.D# = 5;

2 rows updated.

SQL> UPDATE Project
	SET Project.D# = 3
	WHERE Project.D# = 5;

2 rows updated.

SQL> DELETE FROM Department
	WHERE Department.D# = 5;

1 row deleted.

SQL> UPDATE Department
	SET Department.total_staff_number = (select count(*) FROM Employee WHERE Employee.D# = 3)
	WHERE Department.D# = 3;

1 row updated.

SQL> --Task1.6
SQL> ALTER TABLE Dependent
	DROP CONSTRAINT Dependent_CK;

Table DEPENDENT altered.

SQL> ALTER TABLE Dependent
	ADD CONSTRAINT Dependent_CK CHECK (Relationship IN ('SON', 'DAUGHTER', 'SPOUSE', 'MOTHER', 'FATHER', 'OTHER'));

Table DEPENDENT altered.

SQL> --Task1.7
SQL> ACCEPT ADepartmentNumber PROMPT 'Enter Department Number: ';
SQL> SELECT Department.DName, count(P#) AS "Total Projects"
FROM Department FULL JOIN Project
ON Department.D# = Project.D#
WHERE Department.D# = &ADepartmentNumber
GROUP BY Department.DName;
old:SELECT Department.DName, count(P#) AS "Total Projects"
FROM Department FULL JOIN Project
ON Department.D# = Project.D#
WHERE Department.D# = &ADepartmentNumber
GROUP BY Department.DName
new:SELECT Department.DName, count(P#) AS "Total Projects"
FROM Department FULL JOIN Project
ON Department.D# = Project.D#
WHERE Department.D# = 3
GROUP BY Department.DName

DNAME                                                   Total Projects
------------------------------ ---------------------------------------
GAMES                                                                4

SQL> --Task1.8
SQL> ACCEPT ProjectNumber PROMPT 'Enter Project Number: ';
SQL> ACCEPT ProjectTitle PROMPT 'Enter Project Title: ';
SQL> ACCEPT Sponsor PROMPT 'Enter Sponsor: ';
SQL> ACCEPT DepartmentNumber PROMPT 'Enter Department Number: ';
SQL> ACCEPT Budget PROMPT 'Enter Budget: ';
SQL> INSERT INTO Project VALUES (&ProjectNumber, '&ProjectTitle', '&Sponsor', &DepartmentNumber, &Budget);
old:INSERT INTO Project VALUES (&ProjectNumber, '&ProjectTitle', '&Sponsor', &DepartmentNumber, &Budget)
new:INSERT INTO Project VALUES (3001, 'Test', 'Google', 6, 200000)

1 row inserted.

SQL> spool off;
